19:48:54 **** Incremental Build of configuration Debug for project obstacle-avoiding-bot ****
make -j16 all 
arm-none-eabi-gcc "../Robot-Library/Ultrasonic_Sensor/ultrasonic_sensor.c" -mcpu=cortex-m4 -std=gnu11 -g3 -DUSE_HAL_DRIVER -DSTM32G474xx -DDEBUG -c -I../Core/Inc -I../Drivers/STM32G4xx_HAL_Driver/Inc -I../Drivers/STM32G4xx_HAL_Driver/Inc/Legacy -I../Drivers/CMSIS/Device/ST/STM32G4xx/Include -I../Drivers/CMSIS/Include -I"C:/Users/jpaca/Google Drive/Engineering/Projects/PROJ-045 - Obstacle Avoiding Robot/Software/Obstacle-avoiding-robot-st/obstacle-avoiding-bot/Robot-Library/Ultrasonic_Sensor" -I"C:/Users/jpaca/Google Drive/Engineering/Projects/PROJ-045 - Obstacle Avoiding Robot/Software/Obstacle-avoiding-robot-st/obstacle-avoiding-bot/Robot-Library/LED_Feedback" -I"C:/Users/jpaca/Google Drive/Engineering/Projects/PROJ-045 - Obstacle Avoiding Robot/Software/Obstacle-avoiding-robot-st/obstacle-avoiding-bot/Robot-Library/Motor" -O0 -ffunction-sections -fdata-sections -Wall -fstack-usage -MMD -MP -MF"Robot-Library/Ultrasonic_Sensor/ultrasonic_sensor.d" -MT"Robot-Library/Ultrasonic_Sensor/ultrasonic_sensor.o" --specs=nano.specs -mfpu=fpv4-sp-d16 -mfloat-abi=hard -mthumb -o "Robot-Library/Ultrasonic_Sensor/ultrasonic_sensor.o"
arm-none-eabi-gcc "../Robot-Library/Motor/motor.c" -mcpu=cortex-m4 -std=gnu11 -g3 -DUSE_HAL_DRIVER -DSTM32G474xx -DDEBUG -c -I../Core/Inc -I../Drivers/STM32G4xx_HAL_Driver/Inc -I../Drivers/STM32G4xx_HAL_Driver/Inc/Legacy -I../Drivers/CMSIS/Device/ST/STM32G4xx/Include -I../Drivers/CMSIS/Include -I"C:/Users/jpaca/Google Drive/Engineering/Projects/PROJ-045 - Obstacle Avoiding Robot/Software/Obstacle-avoiding-robot-st/obstacle-avoiding-bot/Robot-Library/Ultrasonic_Sensor" -I"C:/Users/jpaca/Google Drive/Engineering/Projects/PROJ-045 - Obstacle Avoiding Robot/Software/Obstacle-avoiding-robot-st/obstacle-avoiding-bot/Robot-Library/LED_Feedback" -I"C:/Users/jpaca/Google Drive/Engineering/Projects/PROJ-045 - Obstacle Avoiding Robot/Software/Obstacle-avoiding-robot-st/obstacle-avoiding-bot/Robot-Library/Motor" -O0 -ffunction-sections -fdata-sections -Wall -fstack-usage -MMD -MP -MF"Robot-Library/Motor/motor.d" -MT"Robot-Library/Motor/motor.o" --specs=nano.specs -mfpu=fpv4-sp-d16 -mfloat-abi=hard -mthumb -o "Robot-Library/Motor/motor.o"
arm-none-eabi-gcc "../Robot-Library/LED_Feedback/RGB.c" -mcpu=cortex-m4 -std=gnu11 -g3 -DUSE_HAL_DRIVER -DSTM32G474xx -DDEBUG -c -I../Core/Inc -I../Drivers/STM32G4xx_HAL_Driver/Inc -I../Drivers/STM32G4xx_HAL_Driver/Inc/Legacy -I../Drivers/CMSIS/Device/ST/STM32G4xx/Include -I../Drivers/CMSIS/Include -I"C:/Users/jpaca/Google Drive/Engineering/Projects/PROJ-045 - Obstacle Avoiding Robot/Software/Obstacle-avoiding-robot-st/obstacle-avoiding-bot/Robot-Library/Ultrasonic_Sensor" -I"C:/Users/jpaca/Google Drive/Engineering/Projects/PROJ-045 - Obstacle Avoiding Robot/Software/Obstacle-avoiding-robot-st/obstacle-avoiding-bot/Robot-Library/LED_Feedback" -I"C:/Users/jpaca/Google Drive/Engineering/Projects/PROJ-045 - Obstacle Avoiding Robot/Software/Obstacle-avoiding-robot-st/obstacle-avoiding-bot/Robot-Library/Motor" -O0 -ffunction-sections -fdata-sections -Wall -fstack-usage -MMD -MP -MF"Robot-Library/LED_Feedback/RGB.d" -MT"Robot-Library/LED_Feedback/RGB.o" --specs=nano.specs -mfpu=fpv4-sp-d16 -mfloat-abi=hard -mthumb -o "Robot-Library/LED_Feedback/RGB.o"
arm-none-eabi-gcc "../Drivers/STM32G4xx_HAL_Driver/Src/stm32g4xx_hal.c" -mcpu=cortex-m4 -std=gnu11 -g3 -DUSE_HAL_DRIVER -DSTM32G474xx -DDEBUG -c -I../Core/Inc -I../Drivers/STM32G4xx_HAL_Driver/Inc -I../Drivers/STM32G4xx_HAL_Driver/Inc/Legacy -I../Drivers/CMSIS/Device/ST/STM32G4xx/Include -I../Drivers/CMSIS/Include -I"C:/Users/jpaca/Google Drive/Engineering/Projects/PROJ-045 - Obstacle Avoiding Robot/Software/Obstacle-avoiding-robot-st/obstacle-avoiding-bot/Robot-Library/Ultrasonic_Sensor" -I"C:/Users/jpaca/Google Drive/Engineering/Projects/PROJ-045 - Obstacle Avoiding Robot/Software/Obstacle-avoiding-robot-st/obstacle-avoiding-bot/Robot-Library/LED_Feedback" -I"C:/Users/jpaca/Google Drive/Engineering/Projects/PROJ-045 - Obstacle Avoiding Robot/Software/Obstacle-avoiding-robot-st/obstacle-avoiding-bot/Robot-Library/Motor" -O0 -ffunction-sections -fdata-sections -Wall -fstack-usage -MMD -MP -MF"Drivers/STM32G4xx_HAL_Driver/Src/stm32g4xx_hal.d" -MT"Drivers/STM32G4xx_HAL_Driver/Src/stm32g4xx_hal.o" --specs=nano.specs -mfpu=fpv4-sp-d16 -mfloat-abi=hard -mthumb -o "Drivers/STM32G4xx_HAL_Driver/Src/stm32g4xx_hal.o"
arm-none-eabi-gcc "../Drivers/STM32G4xx_HAL_Driver/Src/stm32g4xx_hal_cortex.c" -mcpu=cortex-m4 -std=gnu11 -g3 -DUSE_HAL_DRIVER -DSTM32G474xx -DDEBUG -c -I../Core/Inc -I../Drivers/STM32G4xx_HAL_Driver/Inc -I../Drivers/STM32G4xx_HAL_Driver/Inc/Legacy -I../Drivers/CMSIS/Device/ST/STM32G4xx/Include -I../Drivers/CMSIS/Include -I"C:/Users/jpaca/Google Drive/Engineering/Projects/PROJ-045 - Obstacle Avoiding Robot/Software/Obstacle-avoiding-robot-st/obstacle-avoiding-bot/Robot-Library/Ultrasonic_Sensor" -I"C:/Users/jpaca/Google Drive/Engineering/Projects/PROJ-045 - Obstacle Avoiding Robot/Software/Obstacle-avoiding-robot-st/obstacle-avoiding-bot/Robot-Library/LED_Feedback" -I"C:/Users/jpaca/Google Drive/Engineering/Projects/PROJ-045 - Obstacle Avoiding Robot/Software/Obstacle-avoiding-robot-st/obstacle-avoiding-bot/Robot-Library/Motor" -O0 -ffunction-sections -fdata-sections -Wall -fstack-usage -MMD -MP -MF"Drivers/STM32G4xx_HAL_Driver/Src/stm32g4xx_hal_cortex.d" -MT"Drivers/STM32G4xx_HAL_Driver/Src/stm32g4xx_hal_cortex.o" --specs=nano.specs -mfpu=fpv4-sp-d16 -mfloat-abi=hard -mthumb -o "Drivers/STM32G4xx_HAL_Driver/Src/stm32g4xx_hal_cortex.o"
arm-none-eabi-gcc "../Drivers/STM32G4xx_HAL_Driver/Src/stm32g4xx_hal_dma.c" -mcpu=cortex-m4 -std=gnu11 -g3 -DUSE_HAL_DRIVER -DSTM32G474xx -DDEBUG -c -I../Core/Inc -I../Drivers/STM32G4xx_HAL_Driver/Inc -I../Drivers/STM32G4xx_HAL_Driver/Inc/Legacy -I../Drivers/CMSIS/Device/ST/STM32G4xx/Include -I../Drivers/CMSIS/Include -I"C:/Users/jpaca/Google Drive/Engineering/Projects/PROJ-045 - Obstacle Avoiding Robot/Software/Obstacle-avoiding-robot-st/obstacle-avoiding-bot/Robot-Library/Ultrasonic_Sensor" -I"C:/Users/jpaca/Google Drive/Engineering/Projects/PROJ-045 - Obstacle Avoiding Robot/Software/Obstacle-avoiding-robot-st/obstacle-avoiding-bot/Robot-Library/LED_Feedback" -I"C:/Users/jpaca/Google Drive/Engineering/Projects/PROJ-045 - Obstacle Avoiding Robot/Software/Obstacle-avoiding-robot-st/obstacle-avoiding-bot/Robot-Library/Motor" -O0 -ffunction-sections -fdata-sections -Wall -fstack-usage -MMD -MP -MF"Drivers/STM32G4xx_HAL_Driver/Src/stm32g4xx_hal_dma.d" -MT"Drivers/STM32G4xx_HAL_Driver/Src/stm32g4xx_hal_dma.o" --specs=nano.specs -mfpu=fpv4-sp-d16 -mfloat-abi=hard -mthumb -o "Drivers/STM32G4xx_HAL_Driver/Src/stm32g4xx_hal_dma.o"
arm-none-eabi-gcc "../Drivers/STM32G4xx_HAL_Driver/Src/stm32g4xx_hal_dma_ex.c" -mcpu=cortex-m4 -std=gnu11 -g3 -DUSE_HAL_DRIVER -DSTM32G474xx -DDEBUG -c -I../Core/Inc -I../Drivers/STM32G4xx_HAL_Driver/Inc -I../Drivers/STM32G4xx_HAL_Driver/Inc/Legacy -I../Drivers/CMSIS/Device/ST/STM32G4xx/Include -I../Drivers/CMSIS/Include -I"C:/Users/jpaca/Google Drive/Engineering/Projects/PROJ-045 - Obstacle Avoiding Robot/Software/Obstacle-avoiding-robot-st/obstacle-avoiding-bot/Robot-Library/Ultrasonic_Sensor" -I"C:/Users/jpaca/Google Drive/Engineering/Projects/PROJ-045 - Obstacle Avoiding Robot/Software/Obstacle-avoiding-robot-st/obstacle-avoiding-bot/Robot-Library/LED_Feedback" -I"C:/Users/jpaca/Google Drive/Engineering/Projects/PROJ-045 - Obstacle Avoiding Robot/Software/Obstacle-avoiding-robot-st/obstacle-avoiding-bot/Robot-Library/Motor" -O0 -ffunction-sections -fdata-sections -Wall -fstack-usage -MMD -MP -MF"Drivers/STM32G4xx_HAL_Driver/Src/stm32g4xx_hal_dma_ex.d" -MT"Drivers/STM32G4xx_HAL_Driver/Src/stm32g4xx_hal_dma_ex.o" --specs=nano.specs -mfpu=fpv4-sp-d16 -mfloat-abi=hard -mthumb -o "Drivers/STM32G4xx_HAL_Driver/Src/stm32g4xx_hal_dma_ex.o"
arm-none-eabi-gcc "../Drivers/STM32G4xx_HAL_Driver/Src/stm32g4xx_hal_exti.c" -mcpu=cortex-m4 -std=gnu11 -g3 -DUSE_HAL_DRIVER -DSTM32G474xx -DDEBUG -c -I../Core/Inc -I../Drivers/STM32G4xx_HAL_Driver/Inc -I../Drivers/STM32G4xx_HAL_Driver/Inc/Legacy -I../Drivers/CMSIS/Device/ST/STM32G4xx/Include -I../Drivers/CMSIS/Include -I"C:/Users/jpaca/Google Drive/Engineering/Projects/PROJ-045 - Obstacle Avoiding Robot/Software/Obstacle-avoiding-robot-st/obstacle-avoiding-bot/Robot-Library/Ultrasonic_Sensor" -I"C:/Users/jpaca/Google Drive/Engineering/Projects/PROJ-045 - Obstacle Avoiding Robot/Software/Obstacle-avoiding-robot-st/obstacle-avoiding-bot/Robot-Library/LED_Feedback" -I"C:/Users/jpaca/Google Drive/Engineering/Projects/PROJ-045 - Obstacle Avoiding Robot/Software/Obstacle-avoiding-robot-st/obstacle-avoiding-bot/Robot-Library/Motor" -O0 -ffunction-sections -fdata-sections -Wall -fstack-usage -MMD -MP -MF"Drivers/STM32G4xx_HAL_Driver/Src/stm32g4xx_hal_exti.d" -MT"Drivers/STM32G4xx_HAL_Driver/Src/stm32g4xx_hal_exti.o" --specs=nano.specs -mfpu=fpv4-sp-d16 -mfloat-abi=hard -mthumb -o "Drivers/STM32G4xx_HAL_Driver/Src/stm32g4xx_hal_exti.o"
arm-none-eabi-gcc "../Drivers/STM32G4xx_HAL_Driver/Src/stm32g4xx_hal_flash.c" -mcpu=cortex-m4 -std=gnu11 -g3 -DUSE_HAL_DRIVER -DSTM32G474xx -DDEBUG -c -I../Core/Inc -I../Drivers/STM32G4xx_HAL_Driver/Inc -I../Drivers/STM32G4xx_HAL_Driver/Inc/Legacy -I../Drivers/CMSIS/Device/ST/STM32G4xx/Include -I../Drivers/CMSIS/Include -I"C:/Users/jpaca/Google Drive/Engineering/Projects/PROJ-045 - Obstacle Avoiding Robot/Software/Obstacle-avoiding-robot-st/obstacle-avoiding-bot/Robot-Library/Ultrasonic_Sensor" -I"C:/Users/jpaca/Google Drive/Engineering/Projects/PROJ-045 - Obstacle Avoiding Robot/Software/Obstacle-avoiding-robot-st/obstacle-avoiding-bot/Robot-Library/LED_Feedback" -I"C:/Users/jpaca/Google Drive/Engineering/Projects/PROJ-045 - Obstacle Avoiding Robot/Software/Obstacle-avoiding-robot-st/obstacle-avoiding-bot/Robot-Library/Motor" -O0 -ffunction-sections -fdata-sections -Wall -fstack-usage -MMD -MP -MF"Drivers/STM32G4xx_HAL_Driver/Src/stm32g4xx_hal_flash.d" -MT"Drivers/STM32G4xx_HAL_Driver/Src/stm32g4xx_hal_flash.o" --specs=nano.specs -mfpu=fpv4-sp-d16 -mfloat-abi=hard -mthumb -o "Drivers/STM32G4xx_HAL_Driver/Src/stm32g4xx_hal_flash.o"
arm-none-eabi-gcc "../Drivers/STM32G4xx_HAL_Driver/Src/stm32g4xx_hal_flash_ex.c" -mcpu=cortex-m4 -std=gnu11 -g3 -DUSE_HAL_DRIVER -DSTM32G474xx -DDEBUG -c -I../Core/Inc -I../Drivers/STM32G4xx_HAL_Driver/Inc -I../Drivers/STM32G4xx_HAL_Driver/Inc/Legacy -I../Drivers/CMSIS/Device/ST/STM32G4xx/Include -I../Drivers/CMSIS/Include -I"C:/Users/jpaca/Google Drive/Engineering/Projects/PROJ-045 - Obstacle Avoiding Robot/Software/Obstacle-avoiding-robot-st/obstacle-avoiding-bot/Robot-Library/Ultrasonic_Sensor" -I"C:/Users/jpaca/Google Drive/Engineering/Projects/PROJ-045 - Obstacle Avoiding Robot/Software/Obstacle-avoiding-robot-st/obstacle-avoiding-bot/Robot-Library/LED_Feedback" -I"C:/Users/jpaca/Google Drive/Engineering/Projects/PROJ-045 - Obstacle Avoiding Robot/Software/Obstacle-avoiding-robot-st/obstacle-avoiding-bot/Robot-Library/Motor" -O0 -ffunction-sections -fdata-sections -Wall -fstack-usage -MMD -MP -MF"Drivers/STM32G4xx_HAL_Driver/Src/stm32g4xx_hal_flash_ex.d" -MT"Drivers/STM32G4xx_HAL_Driver/Src/stm32g4xx_hal_flash_ex.o" --specs=nano.specs -mfpu=fpv4-sp-d16 -mfloat-abi=hard -mthumb -o "Drivers/STM32G4xx_HAL_Driver/Src/stm32g4xx_hal_flash_ex.o"
arm-none-eabi-gcc "../Drivers/STM32G4xx_HAL_Driver/Src/stm32g4xx_hal_flash_ramfunc.c" -mcpu=cortex-m4 -std=gnu11 -g3 -DUSE_HAL_DRIVER -DSTM32G474xx -DDEBUG -c -I../Core/Inc -I../Drivers/STM32G4xx_HAL_Driver/Inc -I../Drivers/STM32G4xx_HAL_Driver/Inc/Legacy -I../Drivers/CMSIS/Device/ST/STM32G4xx/Include -I../Drivers/CMSIS/Include -I"C:/Users/jpaca/Google Drive/Engineering/Projects/PROJ-045 - Obstacle Avoiding Robot/Software/Obstacle-avoiding-robot-st/obstacle-avoiding-bot/Robot-Library/Ultrasonic_Sensor" -I"C:/Users/jpaca/Google Drive/Engineering/Projects/PROJ-045 - Obstacle Avoiding Robot/Software/Obstacle-avoiding-robot-st/obstacle-avoiding-bot/Robot-Library/LED_Feedback" -I"C:/Users/jpaca/Google Drive/Engineering/Projects/PROJ-045 - Obstacle Avoiding Robot/Software/Obstacle-avoiding-robot-st/obstacle-avoiding-bot/Robot-Library/Motor" -O0 -ffunction-sections -fdata-sections -Wall -fstack-usage -MMD -MP -MF"Drivers/STM32G4xx_HAL_Driver/Src/stm32g4xx_hal_flash_ramfunc.d" -MT"Drivers/STM32G4xx_HAL_Driver/Src/stm32g4xx_hal_flash_ramfunc.o" --specs=nano.specs -mfpu=fpv4-sp-d16 -mfloat-abi=hard -mthumb -o "Drivers/STM32G4xx_HAL_Driver/Src/stm32g4xx_hal_flash_ramfunc.o"
arm-none-eabi-gcc "../Drivers/STM32G4xx_HAL_Driver/Src/stm32g4xx_hal_gpio.c" -mcpu=cortex-m4 -std=gnu11 -g3 -DUSE_HAL_DRIVER -DSTM32G474xx -DDEBUG -c -I../Core/Inc -I../Drivers/STM32G4xx_HAL_Driver/Inc -I../Drivers/STM32G4xx_HAL_Driver/Inc/Legacy -I../Drivers/CMSIS/Device/ST/STM32G4xx/Include -I../Drivers/CMSIS/Include -I"C:/Users/jpaca/Google Drive/Engineering/Projects/PROJ-045 - Obstacle Avoiding Robot/Software/Obstacle-avoiding-robot-st/obstacle-avoiding-bot/Robot-Library/Ultrasonic_Sensor" -I"C:/Users/jpaca/Google Drive/Engineering/Projects/PROJ-045 - Obstacle Avoiding Robot/Software/Obstacle-avoiding-robot-st/obstacle-avoiding-bot/Robot-Library/LED_Feedback" -I"C:/Users/jpaca/Google Drive/Engineering/Projects/PROJ-045 - Obstacle Avoiding Robot/Software/Obstacle-avoiding-robot-st/obstacle-avoiding-bot/Robot-Library/Motor" -O0 -ffunction-sections -fdata-sections -Wall -fstack-usage -MMD -MP -MF"Drivers/STM32G4xx_HAL_Driver/Src/stm32g4xx_hal_gpio.d" -MT"Drivers/STM32G4xx_HAL_Driver/Src/stm32g4xx_hal_gpio.o" --specs=nano.specs -mfpu=fpv4-sp-d16 -mfloat-abi=hard -mthumb -o "Drivers/STM32G4xx_HAL_Driver/Src/stm32g4xx_hal_gpio.o"
arm-none-eabi-gcc "../Drivers/STM32G4xx_HAL_Driver/Src/stm32g4xx_hal_pwr.c" -mcpu=cortex-m4 -std=gnu11 -g3 -DUSE_HAL_DRIVER -DSTM32G474xx -DDEBUG -c -I../Core/Inc -I../Drivers/STM32G4xx_HAL_Driver/Inc -I../Drivers/STM32G4xx_HAL_Driver/Inc/Legacy -I../Drivers/CMSIS/Device/ST/STM32G4xx/Include -I../Drivers/CMSIS/Include -I"C:/Users/jpaca/Google Drive/Engineering/Projects/PROJ-045 - Obstacle Avoiding Robot/Software/Obstacle-avoiding-robot-st/obstacle-avoiding-bot/Robot-Library/Ultrasonic_Sensor" -I"C:/Users/jpaca/Google Drive/Engineering/Projects/PROJ-045 - Obstacle Avoiding Robot/Software/Obstacle-avoiding-robot-st/obstacle-avoiding-bot/Robot-Library/LED_Feedback" -I"C:/Users/jpaca/Google Drive/Engineering/Projects/PROJ-045 - Obstacle Avoiding Robot/Software/Obstacle-avoiding-robot-st/obstacle-avoiding-bot/Robot-Library/Motor" -O0 -ffunction-sections -fdata-sections -Wall -fstack-usage -MMD -MP -MF"Drivers/STM32G4xx_HAL_Driver/Src/stm32g4xx_hal_pwr.d" -MT"Drivers/STM32G4xx_HAL_Driver/Src/stm32g4xx_hal_pwr.o" --specs=nano.specs -mfpu=fpv4-sp-d16 -mfloat-abi=hard -mthumb -o "Drivers/STM32G4xx_HAL_Driver/Src/stm32g4xx_hal_pwr.o"
arm-none-eabi-gcc "../Drivers/STM32G4xx_HAL_Driver/Src/stm32g4xx_hal_pwr_ex.c" -mcpu=cortex-m4 -std=gnu11 -g3 -DUSE_HAL_DRIVER -DSTM32G474xx -DDEBUG -c -I../Core/Inc -I../Drivers/STM32G4xx_HAL_Driver/Inc -I../Drivers/STM32G4xx_HAL_Driver/Inc/Legacy -I../Drivers/CMSIS/Device/ST/STM32G4xx/Include -I../Drivers/CMSIS/Include -I"C:/Users/jpaca/Google Drive/Engineering/Projects/PROJ-045 - Obstacle Avoiding Robot/Software/Obstacle-avoiding-robot-st/obstacle-avoiding-bot/Robot-Library/Ultrasonic_Sensor" -I"C:/Users/jpaca/Google Drive/Engineering/Projects/PROJ-045 - Obstacle Avoiding Robot/Software/Obstacle-avoiding-robot-st/obstacle-avoiding-bot/Robot-Library/LED_Feedback" -I"C:/Users/jpaca/Google Drive/Engineering/Projects/PROJ-045 - Obstacle Avoiding Robot/Software/Obstacle-avoiding-robot-st/obstacle-avoiding-bot/Robot-Library/Motor" -O0 -ffunction-sections -fdata-sections -Wall -fstack-usage -MMD -MP -MF"Drivers/STM32G4xx_HAL_Driver/Src/stm32g4xx_hal_pwr_ex.d" -MT"Drivers/STM32G4xx_HAL_Driver/Src/stm32g4xx_hal_pwr_ex.o" --specs=nano.specs -mfpu=fpv4-sp-d16 -mfloat-abi=hard -mthumb -o "Drivers/STM32G4xx_HAL_Driver/Src/stm32g4xx_hal_pwr_ex.o"
arm-none-eabi-gcc "../Drivers/STM32G4xx_HAL_Driver/Src/stm32g4xx_hal_rcc.c" -mcpu=cortex-m4 -std=gnu11 -g3 -DUSE_HAL_DRIVER -DSTM32G474xx -DDEBUG -c -I../Core/Inc -I../Drivers/STM32G4xx_HAL_Driver/Inc -I../Drivers/STM32G4xx_HAL_Driver/Inc/Legacy -I../Drivers/CMSIS/Device/ST/STM32G4xx/Include -I../Drivers/CMSIS/Include -I"C:/Users/jpaca/Google Drive/Engineering/Projects/PROJ-045 - Obstacle Avoiding Robot/Software/Obstacle-avoiding-robot-st/obstacle-avoiding-bot/Robot-Library/Ultrasonic_Sensor" -I"C:/Users/jpaca/Google Drive/Engineering/Projects/PROJ-045 - Obstacle Avoiding Robot/Software/Obstacle-avoiding-robot-st/obstacle-avoiding-bot/Robot-Library/LED_Feedback" -I"C:/Users/jpaca/Google Drive/Engineering/Projects/PROJ-045 - Obstacle Avoiding Robot/Software/Obstacle-avoiding-robot-st/obstacle-avoiding-bot/Robot-Library/Motor" -O0 -ffunction-sections -fdata-sections -Wall -fstack-usage -MMD -MP -MF"Drivers/STM32G4xx_HAL_Driver/Src/stm32g4xx_hal_rcc.d" -MT"Drivers/STM32G4xx_HAL_Driver/Src/stm32g4xx_hal_rcc.o" --specs=nano.specs -mfpu=fpv4-sp-d16 -mfloat-abi=hard -mthumb -o "Drivers/STM32G4xx_HAL_Driver/Src/stm32g4xx_hal_rcc.o"
arm-none-eabi-gcc "../Drivers/STM32G4xx_HAL_Driver/Src/stm32g4xx_hal_rcc_ex.c" -mcpu=cortex-m4 -std=gnu11 -g3 -DUSE_HAL_DRIVER -DSTM32G474xx -DDEBUG -c -I../Core/Inc -I../Drivers/STM32G4xx_HAL_Driver/Inc -I../Drivers/STM32G4xx_HAL_Driver/Inc/Legacy -I../Drivers/CMSIS/Device/ST/STM32G4xx/Include -I../Drivers/CMSIS/Include -I"C:/Users/jpaca/Google Drive/Engineering/Projects/PROJ-045 - Obstacle Avoiding Robot/Software/Obstacle-avoiding-robot-st/obstacle-avoiding-bot/Robot-Library/Ultrasonic_Sensor" -I"C:/Users/jpaca/Google Drive/Engineering/Projects/PROJ-045 - Obstacle Avoiding Robot/Software/Obstacle-avoiding-robot-st/obstacle-avoiding-bot/Robot-Library/LED_Feedback" -I"C:/Users/jpaca/Google Drive/Engineering/Projects/PROJ-045 - Obstacle Avoiding Robot/Software/Obstacle-avoiding-robot-st/obstacle-avoiding-bot/Robot-Library/Motor" -O0 -ffunction-sections -fdata-sections -Wall -fstack-usage -MMD -MP -MF"Drivers/STM32G4xx_HAL_Driver/Src/stm32g4xx_hal_rcc_ex.d" -MT"Drivers/STM32G4xx_HAL_Driver/Src/stm32g4xx_hal_rcc_ex.o" --specs=nano.specs -mfpu=fpv4-sp-d16 -mfloat-abi=hard -mthumb -o "Drivers/STM32G4xx_HAL_Driver/Src/stm32g4xx_hal_rcc_ex.o"
arm-none-eabi-gcc "../Drivers/STM32G4xx_HAL_Driver/Src/stm32g4xx_hal_tim.c" -mcpu=cortex-m4 -std=gnu11 -g3 -DUSE_HAL_DRIVER -DSTM32G474xx -DDEBUG -c -I../Core/Inc -I../Drivers/STM32G4xx_HAL_Driver/Inc -I../Drivers/STM32G4xx_HAL_Driver/Inc/Legacy -I../Drivers/CMSIS/Device/ST/STM32G4xx/Include -I../Drivers/CMSIS/Include -I"C:/Users/jpaca/Google Drive/Engineering/Projects/PROJ-045 - Obstacle Avoiding Robot/Software/Obstacle-avoiding-robot-st/obstacle-avoiding-bot/Robot-Library/Ultrasonic_Sensor" -I"C:/Users/jpaca/Google Drive/Engineering/Projects/PROJ-045 - Obstacle Avoiding Robot/Software/Obstacle-avoiding-robot-st/obstacle-avoiding-bot/Robot-Library/LED_Feedback" -I"C:/Users/jpaca/Google Drive/Engineering/Projects/PROJ-045 - Obstacle Avoiding Robot/Software/Obstacle-avoiding-robot-st/obstacle-avoiding-bot/Robot-Library/Motor" -O0 -ffunction-sections -fdata-sections -Wall -fstack-usage -MMD -MP -MF"Drivers/STM32G4xx_HAL_Driver/Src/stm32g4xx_hal_tim.d" -MT"Drivers/STM32G4xx_HAL_Driver/Src/stm32g4xx_hal_tim.o" --specs=nano.specs -mfpu=fpv4-sp-d16 -mfloat-abi=hard -mthumb -o "Drivers/STM32G4xx_HAL_Driver/Src/stm32g4xx_hal_tim.o"
arm-none-eabi-gcc "../Drivers/STM32G4xx_HAL_Driver/Src/stm32g4xx_hal_tim_ex.c" -mcpu=cortex-m4 -std=gnu11 -g3 -DUSE_HAL_DRIVER -DSTM32G474xx -DDEBUG -c -I../Core/Inc -I../Drivers/STM32G4xx_HAL_Driver/Inc -I../Drivers/STM32G4xx_HAL_Driver/Inc/Legacy -I../Drivers/CMSIS/Device/ST/STM32G4xx/Include -I../Drivers/CMSIS/Include -I"C:/Users/jpaca/Google Drive/Engineering/Projects/PROJ-045 - Obstacle Avoiding Robot/Software/Obstacle-avoiding-robot-st/obstacle-avoiding-bot/Robot-Library/Ultrasonic_Sensor" -I"C:/Users/jpaca/Google Drive/Engineering/Projects/PROJ-045 - Obstacle Avoiding Robot/Software/Obstacle-avoiding-robot-st/obstacle-avoiding-bot/Robot-Library/LED_Feedback" -I"C:/Users/jpaca/Google Drive/Engineering/Projects/PROJ-045 - Obstacle Avoiding Robot/Software/Obstacle-avoiding-robot-st/obstacle-avoiding-bot/Robot-Library/Motor" -O0 -ffunction-sections -fdata-sections -Wall -fstack-usage -MMD -MP -MF"Drivers/STM32G4xx_HAL_Driver/Src/stm32g4xx_hal_tim_ex.d" -MT"Drivers/STM32G4xx_HAL_Driver/Src/stm32g4xx_hal_tim_ex.o" --specs=nano.specs -mfpu=fpv4-sp-d16 -mfloat-abi=hard -mthumb -o "Drivers/STM32G4xx_HAL_Driver/Src/stm32g4xx_hal_tim_ex.o"
arm-none-eabi-gcc "../Core/Src/main.c" -mcpu=cortex-m4 -std=gnu11 -g3 -DUSE_HAL_DRIVER -DSTM32G474xx -DDEBUG -c -I../Core/Inc -I../Drivers/STM32G4xx_HAL_Driver/Inc -I../Drivers/STM32G4xx_HAL_Driver/Inc/Legacy -I../Drivers/CMSIS/Device/ST/STM32G4xx/Include -I../Drivers/CMSIS/Include -I"C:/Users/jpaca/Google Drive/Engineering/Projects/PROJ-045 - Obstacle Avoiding Robot/Software/Obstacle-avoiding-robot-st/obstacle-avoiding-bot/Robot-Library/Ultrasonic_Sensor" -I"C:/Users/jpaca/Google Drive/Engineering/Projects/PROJ-045 - Obstacle Avoiding Robot/Software/Obstacle-avoiding-robot-st/obstacle-avoiding-bot/Robot-Library/LED_Feedback" -I"C:/Users/jpaca/Google Drive/Engineering/Projects/PROJ-045 - Obstacle Avoiding Robot/Software/Obstacle-avoiding-robot-st/obstacle-avoiding-bot/Robot-Library/Motor" -O0 -ffunction-sections -fdata-sections -Wall -fstack-usage -MMD -MP -MF"Core/Src/main.d" -MT"Core/Src/main.o" --specs=nano.specs -mfpu=fpv4-sp-d16 -mfloat-abi=hard -mthumb -o "Core/Src/main.o"
arm-none-eabi-gcc "../Core/Src/stm32g4xx_hal_msp.c" -mcpu=cortex-m4 -std=gnu11 -g3 -DUSE_HAL_DRIVER -DSTM32G474xx -DDEBUG -c -I../Core/Inc -I../Drivers/STM32G4xx_HAL_Driver/Inc -I../Drivers/STM32G4xx_HAL_Driver/Inc/Legacy -I../Drivers/CMSIS/Device/ST/STM32G4xx/Include -I../Drivers/CMSIS/Include -I"C:/Users/jpaca/Google Drive/Engineering/Projects/PROJ-045 - Obstacle Avoiding Robot/Software/Obstacle-avoiding-robot-st/obstacle-avoiding-bot/Robot-Library/Ultrasonic_Sensor" -I"C:/Users/jpaca/Google Drive/Engineering/Projects/PROJ-045 - Obstacle Avoiding Robot/Software/Obstacle-avoiding-robot-st/obstacle-avoiding-bot/Robot-Library/LED_Feedback" -I"C:/Users/jpaca/Google Drive/Engineering/Projects/PROJ-045 - Obstacle Avoiding Robot/Software/Obstacle-avoiding-robot-st/obstacle-avoiding-bot/Robot-Library/Motor" -O0 -ffunction-sections -fdata-sections -Wall -fstack-usage -MMD -MP -MF"Core/Src/stm32g4xx_hal_msp.d" -MT"Core/Src/stm32g4xx_hal_msp.o" --specs=nano.specs -mfpu=fpv4-sp-d16 -mfloat-abi=hard -mthumb -o "Core/Src/stm32g4xx_hal_msp.o"
arm-none-eabi-gcc "../Core/Src/stm32g4xx_it.c" -mcpu=cortex-m4 -std=gnu11 -g3 -DUSE_HAL_DRIVER -DSTM32G474xx -DDEBUG -c -I../Core/Inc -I../Drivers/STM32G4xx_HAL_Driver/Inc -I../Drivers/STM32G4xx_HAL_Driver/Inc/Legacy -I../Drivers/CMSIS/Device/ST/STM32G4xx/Include -I../Drivers/CMSIS/Include -I"C:/Users/jpaca/Google Drive/Engineering/Projects/PROJ-045 - Obstacle Avoiding Robot/Software/Obstacle-avoiding-robot-st/obstacle-avoiding-bot/Robot-Library/Ultrasonic_Sensor" -I"C:/Users/jpaca/Google Drive/Engineering/Projects/PROJ-045 - Obstacle Avoiding Robot/Software/Obstacle-avoiding-robot-st/obstacle-avoiding-bot/Robot-Library/LED_Feedback" -I"C:/Users/jpaca/Google Drive/Engineering/Projects/PROJ-045 - Obstacle Avoiding Robot/Software/Obstacle-avoiding-robot-st/obstacle-avoiding-bot/Robot-Library/Motor" -O0 -ffunction-sections -fdata-sections -Wall -fstack-usage -MMD -MP -MF"Core/Src/stm32g4xx_it.d" -MT"Core/Src/stm32g4xx_it.o" --specs=nano.specs -mfpu=fpv4-sp-d16 -mfloat-abi=hard -mthumb -o "Core/Src/stm32g4xx_it.o"
arm-none-eabi-gcc "../Core/Src/syscalls.c" -mcpu=cortex-m4 -std=gnu11 -g3 -DUSE_HAL_DRIVER -DSTM32G474xx -DDEBUG -c -I../Core/Inc -I../Drivers/STM32G4xx_HAL_Driver/Inc -I../Drivers/STM32G4xx_HAL_Driver/Inc/Legacy -I../Drivers/CMSIS/Device/ST/STM32G4xx/Include -I../Drivers/CMSIS/Include -I"C:/Users/jpaca/Google Drive/Engineering/Projects/PROJ-045 - Obstacle Avoiding Robot/Software/Obstacle-avoiding-robot-st/obstacle-avoiding-bot/Robot-Library/Ultrasonic_Sensor" -I"C:/Users/jpaca/Google Drive/Engineering/Projects/PROJ-045 - Obstacle Avoiding Robot/Software/Obstacle-avoiding-robot-st/obstacle-avoiding-bot/Robot-Library/LED_Feedback" -I"C:/Users/jpaca/Google Drive/Engineering/Projects/PROJ-045 - Obstacle Avoiding Robot/Software/Obstacle-avoiding-robot-st/obstacle-avoiding-bot/Robot-Library/Motor" -O0 -ffunction-sections -fdata-sections -Wall -fstack-usage -MMD -MP -MF"Core/Src/syscalls.d" -MT"Core/Src/syscalls.o" --specs=nano.specs -mfpu=fpv4-sp-d16 -mfloat-abi=hard -mthumb -o "Core/Src/syscalls.o"
arm-none-eabi-gcc "../Core/Src/sysmem.c" -mcpu=cortex-m4 -std=gnu11 -g3 -DUSE_HAL_DRIVER -DSTM32G474xx -DDEBUG -c -I../Core/Inc -I../Drivers/STM32G4xx_HAL_Driver/Inc -I../Drivers/STM32G4xx_HAL_Driver/Inc/Legacy -I../Drivers/CMSIS/Device/ST/STM32G4xx/Include -I../Drivers/CMSIS/Include -I"C:/Users/jpaca/Google Drive/Engineering/Projects/PROJ-045 - Obstacle Avoiding Robot/Software/Obstacle-avoiding-robot-st/obstacle-avoiding-bot/Robot-Library/Ultrasonic_Sensor" -I"C:/Users/jpaca/Google Drive/Engineering/Projects/PROJ-045 - Obstacle Avoiding Robot/Software/Obstacle-avoiding-robot-st/obstacle-avoiding-bot/Robot-Library/LED_Feedback" -I"C:/Users/jpaca/Google Drive/Engineering/Projects/PROJ-045 - Obstacle Avoiding Robot/Software/Obstacle-avoiding-robot-st/obstacle-avoiding-bot/Robot-Library/Motor" -O0 -ffunction-sections -fdata-sections -Wall -fstack-usage -MMD -MP -MF"Core/Src/sysmem.d" -MT"Core/Src/sysmem.o" --specs=nano.specs -mfpu=fpv4-sp-d16 -mfloat-abi=hard -mthumb -o "Core/Src/sysmem.o"
arm-none-eabi-gcc "../Core/Src/system_stm32g4xx.c" -mcpu=cortex-m4 -std=gnu11 -g3 -DUSE_HAL_DRIVER -DSTM32G474xx -DDEBUG -c -I../Core/Inc -I../Drivers/STM32G4xx_HAL_Driver/Inc -I../Drivers/STM32G4xx_HAL_Driver/Inc/Legacy -I../Drivers/CMSIS/Device/ST/STM32G4xx/Include -I../Drivers/CMSIS/Include -I"C:/Users/jpaca/Google Drive/Engineering/Projects/PROJ-045 - Obstacle Avoiding Robot/Software/Obstacle-avoiding-robot-st/obstacle-avoiding-bot/Robot-Library/Ultrasonic_Sensor" -I"C:/Users/jpaca/Google Drive/Engineering/Projects/PROJ-045 - Obstacle Avoiding Robot/Software/Obstacle-avoiding-robot-st/obstacle-avoiding-bot/Robot-Library/LED_Feedback" -I"C:/Users/jpaca/Google Drive/Engineering/Projects/PROJ-045 - Obstacle Avoiding Robot/Software/Obstacle-avoiding-robot-st/obstacle-avoiding-bot/Robot-Library/Motor" -O0 -ffunction-sections -fdata-sections -Wall -fstack-usage -MMD -MP -MF"Core/Src/system_stm32g4xx.d" -MT"Core/Src/system_stm32g4xx.o" --specs=nano.specs -mfpu=fpv4-sp-d16 -mfloat-abi=hard -mthumb -o "Core/Src/system_stm32g4xx.o"
arm-none-eabi-gcc -o "obstacle-avoiding-bot.elf" @"objects.list"   -mcpu=cortex-m4 -T"C:\Users\jpaca\Google Drive\Engineering\Projects\PROJ-045 - Obstacle Avoiding Robot\Software\Obstacle-avoiding-robot-st\obstacle-avoiding-bot\STM32G474RETX_FLASH.ld" --specs=nosys.specs -Wl,-Map="obstacle-avoiding-bot.map" -Wl,--gc-sections -static --specs=nano.specs -mfpu=fpv4-sp-d16 -mfloat-abi=hard -mthumb -Wl,--start-group -lc -lm -Wl,--end-group
Finished building target: obstacle-avoiding-bot.elf
 
arm-none-eabi-objdump -h -S  obstacle-avoiding-bot.elf  > "obstacle-avoiding-bot.list"
arm-none-eabi-objcopy  -O binary  obstacle-avoiding-bot.elf  "obstacle-avoiding-bot.bin"
arm-none-eabi-size   obstacle-avoiding-bot.elf 
   text	   data	    bss	    dec	    hex	filename
  12292	     20	   1740	  14052	   36e4	obstacle-avoiding-bot.elf
Finished building: default.size.stdout
 
Finished building: obstacle-avoiding-bot.bin
 
Finished building: obstacle-avoiding-bot.list
 
